\! gs_ktool -d all
DELETE ALL

\! gs_ktool -g
GENERATE
1
DROP CLIENT MASTER KEY IF EXISTS MyCMK CASCADE;
NOTICE:  global setting "mycmk" does not exist
CREATE CLIENT MASTER KEY MyCMK WITH ( KEY_STORE = gs_ktool , KEY_PATH = "gs_ktool/1" , ALGORITHM = AES_256_CBC);
CREATE COLUMN ENCRYPTION KEY MyCEK WITH VALUES (CLIENT_MASTER_KEY = MyCMK, ALGORITHM = AEAD_AES_256_CBC_HMAC_SHA256);
CREATE TABLE customer_ce (
    customer_ce_id integer NOT NULL,
    id integer  ENCRYPTED WITH (COLUMN_ENCRYPTION_KEY = MyCEK, ENCRYPTION_TYPE = DETERMINISTIC),
    first_name character varying(45) NOT NULL ENCRYPTED WITH (COLUMN_ENCRYPTION_KEY = MyCEK, ENCRYPTION_TYPE = DETERMINISTIC),
    last_name character varying(45) NOT NULL ENCRYPTED WITH (COLUMN_ENCRYPTION_KEY = MyCEK, ENCRYPTION_TYPE = DETERMINISTIC),
    alias_name character (50) NOT NULL ENCRYPTED WITH (COLUMN_ENCRYPTION_KEY = MyCEK, ENCRYPTION_TYPE = DETERMINISTIC) DEFAULT 'ali'
);
INSERT INTO customer_ce VALUES(1,1,'Jared','Ely');
INSERT INTO customer_ce VALUES(1,2,'Mary','Smith');
INSERT INTO customer_ce VALUES(1,3,'Patricia','Johnson');
INSERT INTO customer_ce VALUES(1,4,'Linda','Williams');
INSERT INTO customer_ce VALUES(1,5,'Barbara','Jones');
INSERT INTO customer_ce VALUES(1,6,'Elizabeth','Brown');
INSERT INTO customer_ce VALUES(1,7,'Jennifer','Davis');
INSERT INTO customer_ce VALUES(1,8,'Maria','Miller');
INSERT INTO customer_ce VALUES(1,9,'Susan','Wilson');
INSERT INTO customer_ce VALUES(1,10,'Margaret','Moore');
INSERT INTO customer_ce VALUES(1,11,'Dorothy','Taylor');
INSERT INTO customer_ce VALUES(1,12,'Lisa','Anderson');
INSERT INTO customer_ce VALUES(1,13,'Nancy','Thomas');
INSERT INTO customer_ce VALUES(1,14,'Karen','Jackson');
INSERT INTO customer_ce VALUES(1,15,'Betty','White');
INSERT INTO customer_ce VALUES(1,16,'Helen','Harris');
INSERT INTO customer_ce VALUES(1,17,'Sandra','Martin');
INSERT INTO customer_ce VALUES(1,18,'Adam','Rodriguez');
INSERT INTO customer_ce VALUES(1,19,'Carol','Garcia');
INSERT INTO customer_ce VALUES(1,20,'Jamie','Rice');
INSERT INTO customer_ce VALUES(1,21,'Annette','Olson');
INSERT INTO customer_ce VALUES(1,22,'Annie','Russell');
select * from customer_ce where customer_ce_id = 1 AND id = 1;
 customer_ce_id | id | first_name | last_name | alias_name 
----------------+----+------------+-----------+------------
              1 |  1 | Jared      | Ely       | ali
(1 row)

select * from customer_ce where customer_ce_id = 2 OR first_name = 'Jamie';
 customer_ce_id | id | first_name | last_name | alias_name 
----------------+----+------------+-----------+------------
              1 | 20 | Jamie      | Rice      | ali
(1 row)

select * from customer_ce where id = 1;
 customer_ce_id | id | first_name | last_name | alias_name 
----------------+----+------------+-----------+------------
              1 |  1 | Jared      | Ely       | ali
(1 row)

select * from customer_ce where id <> 1;
 customer_ce_id | id | first_name | last_name | alias_name 
----------------+----+------------+-----------+------------
              1 |  2 | Mary       | Smith     | ali
              1 |  3 | Patricia   | Johnson   | ali
              1 |  4 | Linda      | Williams  | ali
              1 |  5 | Barbara    | Jones     | ali
              1 |  6 | Elizabeth  | Brown     | ali
              1 |  7 | Jennifer   | Davis     | ali
              1 |  8 | Maria      | Miller    | ali
              1 |  9 | Susan      | Wilson    | ali
              1 | 10 | Margaret   | Moore     | ali
              1 | 11 | Dorothy    | Taylor    | ali
              1 | 12 | Lisa       | Anderson  | ali
              1 | 13 | Nancy      | Thomas    | ali
              1 | 14 | Karen      | Jackson   | ali
              1 | 15 | Betty      | White     | ali
              1 | 16 | Helen      | Harris    | ali
              1 | 17 | Sandra     | Martin    | ali
              1 | 18 | Adam       | Rodriguez | ali
              1 | 19 | Carol      | Garcia    | ali
              1 | 20 | Jamie      | Rice      | ali
              1 | 21 | Annette    | Olson     | ali
              1 | 22 | Annie      | Russell   | ali
(21 rows)

SELECT last_name, first_name FROM customer_ce WHERE first_name = 'Jamie';
 last_name | first_name 
-----------+------------
 Rice      | Jamie
(1 row)

SELECT last_name, first_name FROM customer_ce WHERE first_name <> 'Jamie';
 last_name | first_name 
-----------+------------
 Ely       | Jared
 Smith     | Mary
 Johnson   | Patricia
 Williams  | Linda
 Jones     | Barbara
 Brown     | Elizabeth
 Davis     | Jennifer
 Miller    | Maria
 Wilson    | Susan
 Moore     | Margaret
 Taylor    | Dorothy
 Anderson  | Lisa
 Thomas    | Nancy
 Jackson   | Karen
 White     | Betty
 Harris    | Helen
 Martin    | Sandra
 Rodriguez | Adam
 Garcia    | Carol
 Olson     | Annette
 Russell   | Annie
(21 rows)

SELECT last_name, first_name FROM customer_ce WHERE first_name = 'Jamie' AND last_name = 'Rice';
 last_name | first_name 
-----------+------------
 Rice      | Jamie
(1 row)

SELECT first_name, last_name FROM customer_ce WHERE last_name = 'Rodriguez' OR  first_name = 'Adam';
 first_name | last_name 
------------+-----------
 Adam       | Rodriguez
(1 row)

SELECT
   first_name,
   last_name
FROM
   customer_ce
WHERE 
   first_name IN ('Ann','Anne','Annie');
 first_name | last_name 
------------+-----------
 Annie      | Russell
(1 row)

SELECT
   first_name,
   last_name
FROM
   customer_ce
WHERE 
   first_name LIKE 'Ann%';
ERROR(CLIENT): operator is not allowed on datatype of this column
SELECT
   first_name,
   LENGTH(first_name) name_length
FROM
   customer_ce
WHERE 
   first_name LIKE 'A%' AND
   LENGTH(first_name) BETWEEN 3 AND 5
ORDER BY
   name_length;
ERROR(CLIENT): operator is not allowed on datatype of this column
SELECT 
   first_name, 
   last_name
FROM 
   customer_ce 
WHERE 
   first_name LIKE 'Bra%' AND 
   last_name <> 'Motley';
ERROR(CLIENT): operator is not allowed on datatype of this column
SELECT
   first_name,
   last_name
FROM
   customer_ce
WHERE
   customer_ce.first_name = 'Jamie';
 first_name | last_name 
------------+-----------
 Jamie      | Rice
(1 row)

SELECT * from customer_ce where id > 1; 
ERROR(CLIENT): operator is not allowed on datatype of this column
SELECT * from customer_ce where id < 1; 
ERROR(CLIENT): operator is not allowed on datatype of this column
SELECT * from customer_ce where id != 1; 
 customer_ce_id | id | first_name | last_name | alias_name 
----------------+----+------------+-----------+------------
              1 |  2 | Mary       | Smith     | ali
              1 |  3 | Patricia   | Johnson   | ali
              1 |  4 | Linda      | Williams  | ali
              1 |  5 | Barbara    | Jones     | ali
              1 |  6 | Elizabeth  | Brown     | ali
              1 |  7 | Jennifer   | Davis     | ali
              1 |  8 | Maria      | Miller    | ali
              1 |  9 | Susan      | Wilson    | ali
              1 | 10 | Margaret   | Moore     | ali
              1 | 11 | Dorothy    | Taylor    | ali
              1 | 12 | Lisa       | Anderson  | ali
              1 | 13 | Nancy      | Thomas    | ali
              1 | 14 | Karen      | Jackson   | ali
              1 | 15 | Betty      | White     | ali
              1 | 16 | Helen      | Harris    | ali
              1 | 17 | Sandra     | Martin    | ali
              1 | 18 | Adam       | Rodriguez | ali
              1 | 19 | Carol      | Garcia    | ali
              1 | 20 | Jamie      | Rice      | ali
              1 | 21 | Annette    | Olson     | ali
              1 | 22 | Annie      | Russell   | ali
(21 rows)

DROP TABLE customer_ce;
DROP COLUMN ENCRYPTION KEY MyCEK;
DROP CLIENT MASTER KEY MyCMK;
\! gs_ktool -d all
DELETE ALL
 1
