--include chinese
create table 数据库(f int);
insert into 数据库 values (1);
select * from 数据库;
 f 
---
 1
(1 row)

